// Jest Snapshot v1, https://goo.gl/fbAQLP

exports[`SailingCard matches snapshot 1`] = `
<View
  style={
    {
      "backgroundColor": "#fff",
      "borderRadius": 0,
      "elevation": 3,
      "margin": 20,
      "minHeight": 194,
      "padding": 0,
      "shadowColor": "#000",
      "shadowOpacity": 0.3,
      "shadowRadius": 6,
    }
  }
>
  <Image
    source={
      {
        "uri": "https://zayats-yacht.vercel.app/_next/image?url=%2Fimages%2FGolfito.jpg&w=3840&q=75",
      }
    }
    style={
      {
        "borderRadius": 0,
        "height": 200,
        "width": "100%",
      }
    }
  />
  <View>
    <Text
      style={
        {
          "color": "#006666",
          "fontSize": 20,
          "fontWeight": "bold",
          "marginBottom": 4,
        }
      }
    >
      Trans-Atlantic
    </Text>
    <View
      style={
        {
          "display": "flex",
          "flexDirection": "row",
          "justifyContent": "space-between",
          "marginTop": 10,
        }
      }
    >
      <View
        style={
          {
            "flex": 1,
            "justifyContent": "flex-start",
          }
        }
      >
        <Text
          style={
            {
              "color": "#006666",
              "fontSize": 16,
            }
          }
        >
          Loading Port
        </Text>
      </View>
      <View
        style={
          {
            "flex": 1,
            "justifyContent": "flex-start",
          }
        }
      >
        <Text
          style={
            {
              "color": "#3365A7",
              "fontSize": 16,
              "fontWeight": "bold",
            }
          }
        >
          Port A
        </Text>
      </View>
    </View>
    <View
      style={
        {
          "display": "flex",
          "flexDirection": "row",
          "justifyContent": "space-between",
          "marginTop": 10,
        }
      }
    >
      <View
        style={
          {
            "flex": 1,
            "justifyContent": "flex-start",
          }
        }
      >
        <Text
          style={
            {
              "color": "#006666",
              "fontSize": 16,
            }
          }
        >
          Destination Port
        </Text>
      </View>
      <View
        style={
          {
            "flex": 1,
            "justifyContent": "flex-start",
          }
        }
      >
        <Text
          style={
            {
              "color": "#3365A7",
              "fontSize": 16,
              "fontWeight": "bold",
            }
          }
        >
          Port B
        </Text>
      </View>
    </View>
    <View
      style={
        {
          "display": "flex",
          "flexDirection": "row",
          "justifyContent": "space-between",
          "marginTop": 10,
        }
      }
    >
      <View
        style={
          {
            "flex": 1,
            "justifyContent": "flex-start",
          }
        }
      >
        <Text
          style={
            {
              "color": "#006666",
              "fontSize": 16,
            }
          }
        >
          Loading Date
        </Text>
      </View>
      <View
        style={
          {
            "flex": 1,
            "justifyContent": "flex-start",
          }
        }
      >
        <Text
          style={
            {
              "color": "#3365A7",
              "fontSize": 16,
              "fontWeight": "bold",
            }
          }
        >
          DATE:2025-01-01
        </Text>
      </View>
    </View>
    <View
      style={
        {
          "display": "flex",
          "flexDirection": "row",
          "justifyContent": "space-between",
          "marginTop": 10,
        }
      }
    >
      <View
        style={
          {
            "flex": 1,
            "justifyContent": "flex-start",
          }
        }
      >
        <Text
          style={
            {
              "color": "#006666",
              "fontSize": 16,
            }
          }
        >
          Arrival Date
        </Text>
      </View>
      <View
        style={
          {
            "flex": 1,
            "justifyContent": "flex-start",
          }
        }
      >
        <Text
          style={
            {
              "color": "#3365A7",
              "fontSize": 16,
              "fontWeight": "bold",
            }
          }
        >
          DATE:2025-02-02
        </Text>
      </View>
    </View>
    <View
      style={
        {
          "marginVertical": 10,
        }
      }
    />
    <View
      style={
        {
          "alignItems": "center",
          "display": "flex",
          "flexDirection": "row",
          "marginTop": 0,
        }
      }
    >
      <Text
        style={
          {
            "color": "#006666",
            "fontSize": 16,
            "marginRight": 10,
            "textTransform": "uppercase",
          }
        }
      >
        Miles:
      </Text>
      <Text
        style={
          {
            "color": "#006666",
            "fontSize": 16,
            "fontWeight": "bold",
          }
        }
      >
        1234
      </Text>
    </View>
    <View
      style={
        {
          "alignItems": "center",
          "display": "flex",
          "flexDirection": "row",
          "marginTop": 0,
        }
      }
    >
      <Text
        style={
          {
            "color": "#006666",
            "fontSize": 16,
            "marginRight": 10,
            "textTransform": "uppercase",
          }
        }
      >
        Days:
      </Text>
      <Text
        style={
          {
            "color": "#006666",
            "fontSize": 16,
            "fontWeight": "bold",
          }
        }
      >
        7
         days
      </Text>
    </View>
  </View>
  <View>
    <View
      accessibilityRole="button"
      style={
        {
          "backgroundColor": "#339966",
          "borderRadius": 0,
          "borderWidth": 0,
          "color": "white",
          "height": 40,
          "marginTop": 0,
          "padding": 0,
          "width": "100%",
        }
      }
    >
      <Text
        style={
          {
            "color": "white",
            "fontSize": 16,
            "fontWeight": "bold",
            "textAlign": "center",
            "textTransform": "uppercase",
          }
        }
      >
        Get Quote
      </Text>
    </View>
  </View>
</View>
`;
