// Jest Snapshot v1, https://goo.gl/fbAQLP

exports[`Testimonials matches snapshot 1`] = `
<RCTScrollView
  contentContainerStyle={
    {
      "paddingBottom": 24,
    }
  }
  id="testimonials-section"
  style={
    {
      "backgroundColor": "white",
      "flex": 1,
    }
  }
>
  <View>
    <Text>
      Testimonials
    </Text>
    <View
      style={
        {
          "backgroundColor": "white",
          "borderRadius": 2,
          "color": "#006666",
          "elevation": 2,
          "marginHorizontal": 0,
          "marginVertical": 20,
          "padding": 12,
          "shadowColor": "#000",
          "shadowOffset": {
            "height": 4,
            "width": 0,
          },
          "shadowOpacity": 0.08,
          "shadowRadius": 16,
        }
      }
    >
      <Text
        style={
          {
            "borderLeftColor": "#3c76c3",
            "borderLeftWidth": 4,
            "color": "#006666",
            "fontSize": 18,
            "fontStyle": "italic",
            "lineHeight": 26,
            "marginBottom": 16,
            "paddingLeft": 12,
          }
        }
      >
        "
        Thank you for the fine work you did on the Beneteau swift trawler that we had you send down from Victoria to Ensenada. The owners are really happy with their new boat! We have more opportunities in the pipeline and we will definitely be contacting you again so that we may use your services.
        "
      </Text>
      <View
        style={
          {
            "alignItems": "flex-end",
            "color": "#006666",
            "flexDirection": "column",
            "justifyContent": "flex-end",
            "lineHeight": 16,
          }
        }
      >
        <Text
          style={
            {
              "color": "#006666",
              "fontSize": 14,
              "fontWeight": "bold",
              "lineHeight": 14,
            }
          }
        >
          Walter Johnson
        </Text>
        <Text
          style={
            {
              "color": "#006666",
              "fontSize": 14,
              "fontWeight": "bold",
              "lineHeight": 14,
            }
          }
        >
          

          President
        </Text>
        <Text
          style={
            {
              "color": "#006666",
              "fontSize": 14,
              "fontWeight": "bold",
              "lineHeight": 14,
            }
          }
        >
          

          ENGEL & VÃ–LKERS YACHTING
        </Text>
      </View>
    </View>
    <View
      style={
        {
          "backgroundColor": "white",
          "borderRadius": 2,
          "color": "#006666",
          "elevation": 2,
          "marginHorizontal": 0,
          "marginVertical": 20,
          "padding": 12,
          "shadowColor": "#000",
          "shadowOffset": {
            "height": 4,
            "width": 0,
          },
          "shadowOpacity": 0.08,
          "shadowRadius": 16,
        }
      }
    >
      <Text
        style={
          {
            "borderLeftColor": "#3c76c3",
            "borderLeftWidth": 4,
            "color": "#006666",
            "fontSize": 18,
            "fontStyle": "italic",
            "lineHeight": 26,
            "marginBottom": 16,
            "paddingLeft": 12,
          }
        }
      >
        "
        I would like to express my sincere gratitude for the ship visit last week. Justin really gave me a great tour! Very happy to be a customer and to be able to support Allied Yacht Transport. You are running a really good business! Thanks again for the amazing customer service!!
        "
      </Text>
      <View
        style={
          {
            "alignItems": "flex-end",
            "color": "#006666",
            "flexDirection": "column",
            "justifyContent": "flex-end",
            "lineHeight": 16,
          }
        }
      >
        <Text
          style={
            {
              "color": "#006666",
              "fontSize": 14,
              "fontWeight": "bold",
              "lineHeight": 14,
            }
          }
        >
          Richard
        </Text>
        <Text
          style={
            {
              "color": "#006666",
              "fontSize": 14,
              "fontWeight": "bold",
              "lineHeight": 14,
            }
          }
        >
          

          Vessel: Adventurer
        </Text>
      </View>
    </View>
    <View
      style={
        {
          "backgroundColor": "white",
          "borderRadius": 2,
          "color": "#006666",
          "elevation": 2,
          "marginHorizontal": 0,
          "marginVertical": 20,
          "padding": 12,
          "shadowColor": "#000",
          "shadowOffset": {
            "height": 4,
            "width": 0,
          },
          "shadowOpacity": 0.08,
          "shadowRadius": 16,
        }
      }
    >
      <Text
        style={
          {
            "borderLeftColor": "#3c76c3",
            "borderLeftWidth": 4,
            "color": "#006666",
            "fontSize": 18,
            "fontStyle": "italic",
            "lineHeight": 26,
            "marginBottom": 16,
            "paddingLeft": 12,
          }
        }
      >
        "
        Thanks are in order for Allied Yacht Transport and Vadim who, thanks to their commitment to service, helped our team to ensure we made the trip to the transport boat on time for departure. Awesome support.
        "
      </Text>
      <View
        style={
          {
            "alignItems": "flex-end",
            "color": "#006666",
            "flexDirection": "column",
            "justifyContent": "flex-end",
            "lineHeight": 16,
          }
        }
      >
        <Text
          style={
            {
              "color": "#006666",
              "fontSize": 14,
              "fontWeight": "bold",
              "lineHeight": 14,
            }
          }
        >
          Mike Karty
        </Text>
      </View>
    </View>
    <View
      style={
        {
          "backgroundColor": "white",
          "borderRadius": 2,
          "color": "#006666",
          "elevation": 2,
          "marginHorizontal": 0,
          "marginVertical": 20,
          "padding": 12,
          "shadowColor": "#000",
          "shadowOffset": {
            "height": 4,
            "width": 0,
          },
          "shadowOpacity": 0.08,
          "shadowRadius": 16,
        }
      }
    >
      <Text
        style={
          {
            "borderLeftColor": "#3c76c3",
            "borderLeftWidth": 4,
            "color": "#006666",
            "fontSize": 18,
            "fontStyle": "italic",
            "lineHeight": 26,
            "marginBottom": 16,
            "paddingLeft": 12,
          }
        }
      >
        "
        Vadim Yegudkin, thank you for all your hard work on our transportation needs. I definitely will be recommending your services and you will be the person we contact if she need to ship return back home.
        "
      </Text>
      <View
        style={
          {
            "alignItems": "flex-end",
            "color": "#006666",
            "flexDirection": "column",
            "justifyContent": "flex-end",
            "lineHeight": 16,
          }
        }
      >
        <Text
          style={
            {
              "color": "#006666",
              "fontSize": 14,
              "fontWeight": "bold",
              "lineHeight": 14,
            }
          }
        >
          Nic Arnsby
        </Text>
      </View>
    </View>
  </View>
</RCTScrollView>
`;
