// Jest Snapshot v1, https://goo.gl/fbAQLP

exports[`FormContainer matches snapshot 1`] = `
<View
  style={
    {
      "overflow": "hidden",
      "position": "relative",
    }
  }
>
  <View
    collapsable={false}
    style={
      {
        "bottom": 0,
        "left": 0,
        "position": "absolute",
        "right": 0,
        "top": 0,
        "transform": [
          {
            "rotate": "0deg",
          },
        ],
      }
    }
  >
    <View
      data-colors="["#006666","white","#006666","white"]"
      style={
        {
          "borderRadius": 1,
          "flex": 1,
        }
      }
      testID="linear-gradient"
    />
  </View>
  <View
    style={
      [
        {
          "backgroundColor": "#fff",
          "borderRadius": 1,
          "padding": 20,
          "zIndex": 1,
        },
        {
          "margin": 2,
        },
      ]
    }
  >
    <Text>
      Snapshot content
    </Text>
  </View>
</View>
`;
